// Jest Snapshot v1, https://goo.gl/fbAQLP

exports[`MailedBooksComponent should create 1`] = `
<div
  id="root0"
  ng-version="6.0.7"
>
  <mat-selection-list>
    <mat-list-item>
      <button
        mat-button=""
      >
        select all
      </button>
      <button
        mat-button=""
      >
        deselect all
      </button>
      <button
        color="accent"
        mat-flat-button=""
      >
        download
      </button>
    </mat-list-item>
    <mat-list-option>
      <img
        height="25"
        src="/favicon.ico"
        width="25"
      />
      <span>
        Book name - Author 
      </span>
    </mat-list-option>
    <mat-list-option>
      <img
        height="25"
        src="/favicon.ico"
        width="25"
      />
      <span>
        Book name 1 - Author 1 
      </span>
    </mat-list-option>
    <mat-list-option>
      <img
        height="25"
        src="/favicon.ico"
        width="25"
      />
      <span>
        Book name 2 - Author 2 
      </span>
    </mat-list-option>
    <mat-list-option>
      <img
        height="25"
        src="/favicon.ico"
        width="25"
      />
      <span>
        Book name - Author 
      </span>
    </mat-list-option>
    <mat-list-option>
      <img
        height="25"
        src="/favicon.ico"
        width="25"
      />
      <span>
        Book name 1 - Author 1 
      </span>
    </mat-list-option>
    <mat-list-option>
      <img
        height="25"
        src="/favicon.ico"
        width="25"
      />
      <span>
        Book name 2 - Author 2 
      </span>
    </mat-list-option>
    <mat-list-option>
      <img
        height="25"
        src="/favicon.ico"
        width="25"
      />
      <span>
        Book name - Author 
      </span>
    </mat-list-option>
    <mat-list-option>
      <img
        height="25"
        src="/favicon.ico"
        width="25"
      />
      <span>
        Book name 1 - Author 1 
      </span>
    </mat-list-option>
    <mat-list-option>
      <img
        height="25"
        src="/favicon.ico"
        width="25"
      />
      <span>
        Book name 2 - Author 2 
      </span>
    </mat-list-option>
  </mat-selection-list>
</div>
`;
