// Jest Snapshot v1, https://goo.gl/fbAQLP

exports[`MailedBooksComponent should have as many books displayed as the number of items returned by shared books service 1`] = `
<h1
  data-testid="mailed-books-title"
>
  Shared books
</h1>
`;

exports[`MailedBooksComponent should have the title 1`] = `
<h1
  data-testid="mailed-books-title"
>
  Shared books
</h1>
`;
